[INFO] Scanning for projects...
[INFO] 
[INFO] ------------------< com.example:SmartQueueManagement >------------------
[INFO] Building SmartQueueManagement 0.0.1-SNAPSHOT
[INFO]   from pom.xml
[INFO] --------------------------------[ jar ]---------------------------------
[INFO] 
[INFO] --- clean:3.2.0:clean (default-clean) @ SmartQueueManagement ---
[INFO] Deleting D:\Spring Initilaizr\SmartQueueManagement\target
[INFO] 
[INFO] --- resources:3.2.0:resources (default-resources) @ SmartQueueManagement ---
[INFO] Using 'UTF-8' encoding to copy filtered resources.
[INFO] Using 'UTF-8' encoding to copy filtered properties files.
[INFO] Copying 1 resource
[INFO] Copying 12 resources
[INFO] 
[INFO] --- compiler:3.10.1:compile (default-compile) @ SmartQueueManagement ---
[INFO] Changes detected - recompiling the module!
[INFO] Compiling 17 source files to D:\Spring Initilaizr\SmartQueueManagement\target\classes
[INFO] -------------------------------------------------------------
[ERROR] COMPILATION ERROR : 
[INFO] -------------------------------------------------------------
[ERROR] /D:/Spring Initilaizr/SmartQueueManagement/src/main/java/com/example/SmartQueueManagement/config/SecurityConfig.java:[3,32] package com.google.firebase.auth does not exist
[ERROR] /D:/Spring Initilaizr/SmartQueueManagement/src/main/java/com/example/SmartQueueManagement/service/HospitalDataService.java:[19,23] cannot find symbol
  symbol:   class FirestoreService
  location: class com.example.SmartQueueManagement.service.HospitalDataService
[ERROR] /D:/Spring Initilaizr/SmartQueueManagement/src/main/java/com/example/SmartQueueManagement/service/HospitalDataService.java:[16,1] cannot find symbol
  symbol:   class FirestoreService
  location: class com.example.SmartQueueManagement.service.HospitalDataService
[INFO] 3 errors 
[INFO] -------------------------------------------------------------
[INFO] ------------------------------------------------------------------------
[INFO] BUILD FAILURE
[INFO] ------------------------------------------------------------------------
[INFO] Total time:  14.623 s
[INFO] Finished at: 2026-03-03T19:45:51+05:30
[INFO] ------------------------------------------------------------------------
[ERROR] Failed to execute goal org.apache.maven.plugins:maven-compiler-plugin:3.10.1:compile (default-compile) on project SmartQueueManagement: Compilation failure: Compilation failure: 
[ERROR] /D:/Spring Initilaizr/SmartQueueManagement/src/main/java/com/example/SmartQueueManagement/config/SecurityConfig.java:[3,32] package com.google.firebase.auth does not exist
[ERROR] /D:/Spring Initilaizr/SmartQueueManagement/src/main/java/com/example/SmartQueueManagement/service/HospitalDataService.java:[19,23] cannot find symbol
[ERROR]   symbol:   class FirestoreService
[ERROR]   location: class com.example.SmartQueueManagement.service.HospitalDataService
[ERROR] /D:/Spring Initilaizr/SmartQueueManagement/src/main/java/com/example/SmartQueueManagement/service/HospitalDataService.java:[16,1] cannot find symbol
[ERROR]   symbol:   class FirestoreService
[ERROR]   location: class com.example.SmartQueueManagement.service.HospitalDataService
[ERROR] -> [Help 1]
[ERROR] 
[ERROR] To see the full stack trace of the errors, re-run Maven with the -e switch.
[ERROR] Re-run Maven using the -X switch to enable full debug logging.
[ERROR] 
[ERROR] For more information about the errors and possible solutions, please read the following articles:
[ERROR] [Help 1] http://cwiki.apache.org/confluence/display/MAVEN/MojoFailureException
