[INFO] Scanning for projects...
[INFO] 
[INFO] ------------------< com.example:SmartQueueManagement >------------------
[INFO] Building SmartQueueManagement 0.0.1-SNAPSHOT
[INFO]   from pom.xml
[INFO] --------------------------------[ jar ]---------------------------------
[INFO] 
[INFO] --- clean:3.2.0:clean (default-clean) @ SmartQueueManagement ---
[INFO] Deleting D:\Spring Initilaizr\SmartQueueManagement\target
[INFO] 
[INFO] --- resources:3.2.0:resources (default-resources) @ SmartQueueManagement ---
[INFO] Using 'UTF-8' encoding to copy filtered resources.
[INFO] Using 'UTF-8' encoding to copy filtered properties files.
[INFO] Copying 1 resource
[INFO] Copying 12 resources
[INFO] 
[INFO] --- compiler:3.10.1:compile (default-compile) @ SmartQueueManagement ---
[INFO] Changes detected - recompiling the module!
[INFO] Compiling 16 source files to D:\Spring Initilaizr\SmartQueueManagement\target\classes
[INFO] -------------------------------------------------------------
[ERROR] COMPILATION ERROR : 
[INFO] -------------------------------------------------------------
[ERROR] No compiler is provided in this environment. Perhaps you are running on a JRE rather than a JDK?
[INFO] 1 error
[INFO] -------------------------------------------------------------
[INFO] ------------------------------------------------------------------------
[INFO] BUILD FAILURE
[INFO] ------------------------------------------------------------------------
[INFO] Total time:  1.082 s
[INFO] Finished at: 2026-03-03T21:08:41+05:30
[INFO] ------------------------------------------------------------------------
[ERROR] Failed to execute goal org.apache.maven.plugins:maven-compiler-plugin:3.10.1:compile (default-compile) on project SmartQueueManagement: Compilation failure
[ERROR] No compiler is provided in this environment. Perhaps you are running on a JRE rather than a JDK?
[ERROR] 
[ERROR] -> [Help 1]
[ERROR] 
[ERROR] To see the full stack trace of the errors, re-run Maven with the -e switch.
[ERROR] Re-run Maven using the -X switch to enable full debug logging.
[ERROR] 
[ERROR] For more information about the errors and possible solutions, please read the following articles:
[ERROR] [Help 1] http://cwiki.apache.org/confluence/display/MAVEN/MojoFailureException
